747 cruise trim: alpha=0.080917499 rad  de=-0.000443029 thr=0.737647038  |res|=1.933e-20
V=235.915200 m/s  H=12192.000000 m

==============================================================================
### (a) STILL AIR
==============================================================================

-- Richardson triples (h, h/2, h/4), ratio r=2 --
         h  comp                    f_h                  f_h/2                  f_h/4     p_obs          f_exact(Rich)
      0.25    pN     944.47862200832719     944.47861007560800     944.47860935184303    4.0433     944.47860930510933
      0.25    pE       0.00000000000000       0.00000000000000       0.00000000000000       nan       0.00000000000000
      0.25    pD  -12184.56752312271419  -12184.56747120214823  -12184.56746788461169    3.9681  -12184.56746765816388

     0.125    pN     944.47861007560800     944.47860935184303     944.47860930728302    4.0217     944.47860930435957
     0.125    pE       0.00000000000000       0.00000000000000       0.00000000000000       nan       0.00000000000000
     0.125    pD  -12184.56747120214823  -12184.56746788461169  -12184.56746767590084    3.9905  -12184.56746766188917

    0.0625    pN     944.47860935184303     944.47860930728302     944.47860930451782    4.0103     944.47860930433490
    0.0625    pE       0.00000000000000       0.00000000000000       0.00000000000000       nan       0.00000000000000
    0.0625    pD  -12184.56746788461169  -12184.56746767590084  -12184.56746766283140    3.9972  -12184.56746766195829

   0.03125    pN     944.47860930728302     944.47860930451782     944.47860930434615    4.0097     944.47860930433478
   0.03125    pE       0.00000000000000       0.00000000000000       0.00000000000000       nan       0.00000000000000
   0.03125    pD  -12184.56746767590084  -12184.56746766283140  -12184.56746766199285    3.9621  -12184.56746766193464

  0.015625    pN     944.47860930451782     944.47860930434615     944.47860930433694    4.2205     944.47860930433637
  0.015625    pE       0.00000000000000       0.00000000000000       0.00000000000000       nan       0.00000000000000
  0.015625    pD  -12184.56746766283140  -12184.56746766199285  -12184.56746766194738    4.2048  -12184.56746766194556

 0.0078125    pN     944.47860930434615     944.47860930433694     944.47860930433342    1.3857     944.47860930433126
 0.0078125    pE       0.00000000000000       0.00000000000000       0.00000000000000       nan       0.00000000000000
 0.0078125    pD  -12184.56746766199285  -12184.56746766194738  -12184.56746766196011       nan                    nan

0.00390625    pN     944.47860930433694     944.47860930433342     944.47860930433137    0.7843     944.47860930432853
0.00390625    pE       0.00000000000000       0.00000000000000       0.00000000000000       nan       0.00000000000000
0.00390625    pD  -12184.56746766194738  -12184.56746766196011  -12184.56746766199103   -1.2801                    nan

-- |pos(dt) - pos(dt_ref=0.000976562)| , 3-vector norm --
        dt      err_pos [m]   pairwise order    err_vel [m/s]       err_quat      err_omega
      0.25     5.689713e-05                      1.868469e-04   3.623844e-07   7.519996e-08
     0.125     3.623200e-06           3.9730     1.114713e-05   2.232014e-08   8.544362e-09
    0.0625     2.276342e-07           3.9925     6.783606e-07   1.380071e-09   6.462424e-10
   0.03125     1.421953e-08           4.0008     4.179942e-08   8.571869e-11   4.377031e-11
  0.015625     8.608073e-10           4.0460     2.593341e-09   5.339770e-12   2.839336e-12
 0.0078125     1.489081e-11           5.8532     1.614308e-10   3.332241e-13   1.808545e-13
0.00390625     4.400973e-11          -1.5634     1.003283e-11   2.098412e-14   1.149081e-14
0.00195312     3.099046e-11           0.5060     5.730369e-13   1.181347e-15   7.485332e-16

==============================================================================
### (b) SMOOTH SPATIAL FIELD (LeeWave w0=25 m/s, lambda=1200 m)
==============================================================================

-- Richardson triples (h, h/2, h/4), ratio r=2 --
         h  comp                    f_h                  f_h/2                  f_h/4     p_obs          f_exact(Rich)
      0.25    pN     943.04305322158962     943.13869336340395     943.19111827201436    0.8674     943.25471554637920
      0.25    pE       0.00000000000000       0.00000000000000       0.00000000000000       nan       0.00000000000000
      0.25    pD  -12198.93463880849413  -12199.86349226990387  -12200.29708303769257    1.0991  -12200.67668149389101

     0.125    pN     943.13869336340395     943.19111827201436     943.21849057392501    0.9375     943.24839735851094
     0.125    pE       0.00000000000000       0.00000000000000       0.00000000000000       nan       0.00000000000000
     0.125    pD  -12199.86349226990387  -12200.29708303769257  -12200.50573143382826    1.0553  -12200.69926612847121

    0.0625    pN     943.19111827201436     943.21849057392501     943.23246832623215    0.9696     943.24705467406341
    0.0625    pE       0.00000000000000       0.00000000000000       0.00000000000000       nan       0.00000000000000
    0.0625    pD  -12200.29708303769257  -12200.50573143382826  -12200.60796399174251    1.0292  -12200.70617771699654

   0.03125    pN     943.21849057392501     943.23246832623215     943.23953035269960    0.9850     943.24674177475174
   0.03125    pE       0.00000000000000       0.00000000000000       0.00000000000000       nan       0.00000000000000
   0.03125    pD  -12200.50573143382826  -12200.60796399174251  -12200.65855052647203    1.0150  -12200.70809930754331

  0.015625    pN     943.23246832623215     943.23953035269960     943.24307968782614    0.9925     943.24666604899994
  0.015625    pE       0.00000000000000       0.00000000000000       0.00000000000000       nan       0.00000000000000
  0.015625    pD  -12200.60796399174251  -12200.65855052647203  -12200.68371050638052    1.0076  -12200.70860670617913

 0.0078125    pN     943.23953035269960     943.24307968782614     943.24485894035547    0.9963     943.24664741032188
 0.0078125    pE       0.00000000000000       0.00000000000000       0.00000000000000       nan       0.00000000000000
 0.0078125    pD  -12200.65855052647203  -12200.68371050638052  -12200.69625706823535    1.0038  -12200.70873712825596

0.00390625    pN     943.24307968782614     943.24485894035547     943.24574971343213    0.9981     943.24664278605383
0.00390625    pE       0.00000000000000       0.00000000000000       0.00000000000000       nan       0.00000000000000
0.00390625    pD  -12200.68371050638052  -12200.69625706823535  -12200.70252197889931    1.0019  -12200.70877019364889

-- |pos(dt) - pos(dt_ref=0.000976562)| , 3-vector norm --
        dt      err_pos [m]   pairwise order    err_vel [m/s]       err_quat      err_omega
      0.25     1.779465e+00                      7.043321e-01   4.127917e-03   1.131220e-02
     0.125     8.458321e-01           1.0730     2.811600e-01   1.956481e-03   5.789671e-03
    0.0625     4.091031e-01           1.0479     1.218123e-01   9.440453e-04   2.906417e-03
   0.03125     1.986695e-01           1.0421     5.556522e-02   4.577920e-04   1.438051e-03
  0.015625     9.548617e-02           1.0570     2.582642e-02   2.198560e-04   6.976774e-04
 0.0078125     4.440911e-02           1.1044     1.180493e-02   1.022100e-04   3.260056e-04
0.00390625     1.900001e-02           1.2249     5.006244e-03   4.372052e-05   1.398064e-04
0.00195312     6.327921e-03           1.5862     1.659913e-03   1.455952e-05   4.661703e-05

[vortex] r0 = 182.8800 m, v0 = 25.9080 m/s, start_north = -365.7600 m, ground speed ~235.9 m/s -> core edge crossed at t ~ 0.7752 s and 2.3256 s

==============================================================================
### (c) RANKINE VORTEX CORE CROSSING
==============================================================================

-- Richardson triples (h, h/2, h/4), ratio r=2 --
         h  comp                    f_h                  f_h/2                  f_h/4     p_obs          f_exact(Rich)
      0.25    pN     580.54460508165755     580.57325853860289     580.61224958131186   -0.4444                    nan
      0.25    pE       0.00000000000000       0.00000000000000       0.00000000000000       nan       0.00000000000000
      0.25    pD  -12188.55797960229211  -12186.94855132217162  -12185.94625979141347    0.6832  -12184.29162710168566

     0.125    pN     580.57325853860289     580.61224958131186     580.62417487055370    1.7091     580.62942920510136
     0.125    pE       0.00000000000000       0.00000000000000       0.00000000000000       nan       0.00000000000000
     0.125    pD  -12186.94855132217162  -12185.94625979141347  -12185.54687268063208    1.3274  -12185.28230327464735

    0.0625    pN     580.61224958131186     580.62417487055370     580.61048552515479       nan                    nan
    0.0625    pE       0.00000000000000       0.00000000000000       0.00000000000000       nan       0.00000000000000
    0.0625    pD  -12185.94625979141347  -12185.54687268063208  -12185.59362303217495       nan                    nan

   0.03125    pN     580.62417487055370     580.61048552515479     580.60589240111312    1.5755     580.60357310965867
   0.03125    pE       0.00000000000000       0.00000000000000       0.00000000000000       nan       0.00000000000000
   0.03125    pD  -12185.54687268063208  -12185.59362303217495  -12185.59164892305489       nan                    nan

  0.015625    pN     580.61048552515479     580.60589240111312     580.60722230703504       nan                    nan
  0.015625    pE       0.00000000000000       0.00000000000000       0.00000000000000       nan       0.00000000000000
  0.015625    pD  -12185.59362303217495  -12185.59164892305489  -12185.54117477261389   -4.6763                    nan

 0.0078125    pN     580.60589240111312     580.60722230703504     580.60789546602280    0.9823     580.60858544720008
 0.0078125    pE       0.00000000000000       0.00000000000000       0.00000000000000       nan       0.00000000000000
 0.0078125    pD  -12185.59164892305489  -12185.54117477261389  -12185.51594105248296    1.0002  -12185.49071404074675

0.00390625    pN     580.60722230703504     580.60789546602280     580.60702159392054       nan                    nan
0.00390625    pE       0.00000000000000       0.00000000000000       0.00000000000000       nan       0.00000000000000
0.00390625    pD  -12185.54117477261389  -12185.51594105248296  -12185.51899800091633       nan                    nan

-- |pos(dt) - pos(dt_ref=0.000976562)| , 3-vector norm --
        dt      err_pos [m]   pairwise order    err_vel [m/s]       err_quat      err_omega
      0.25     3.039623e+00                      1.911435e+00   3.090088e-03   1.972096e-03
     0.125     1.429952e+00           1.0879     4.676887e-01   4.202890e-04   1.715445e-03
    0.0625     4.272938e-01           1.7427     6.344676e-01   1.613281e-03   1.140504e-03
   0.03125     3.272969e-02           3.7066     2.832020e-01   9.399553e-04   9.997145e-04
  0.015625     7.470538e-02          -1.1906     7.064251e-02   2.074145e-04   3.952179e-04
 0.0078125     7.265970e-02           0.0401     7.848173e-02   1.721755e-04   7.510629e-05
0.00390625     2.217768e-02           1.7120     3.488708e-02   8.782273e-05   5.070872e-05
0.00195312     3.179400e-03           2.8023     1.308365e-02   4.548174e-05   3.825486e-05
