==============================================================================
(i) the tensor
==============================================================================
[[24675886.65963149        0.         -1315219.33568656]
 [       0.         44877574.08976935        0.        ]
 [-1315219.33568656        0.         67384152.03207059]]
PASS  tensor is symmetric                                            0.00e+00
PASS  tensor is positive definite                                    eigs=[24635422.25495835 44877574.08976935 67424616.43674374]
PASS  off-diagonal xz element == -Ixz (tabulated Ixz is POSITIVE)    I[0,2]=-1315219.3, -Ixz=-1315219.3
PASS  Ixy and Iyz are exactly zero (xz plane of symmetry)            

==============================================================================
(ii) roll/yaw inertial coupling direction
==============================================================================
   pure L>0 -> omega_dot = [0.40567596 0.         0.00791808]
PASS  Ixz>0: a pure right-rolling moment yaws the nose RIGHT (rdot>0) rdot=+7.918e-03
   pure N>0 -> omega_dot = [0.00791808 0.         0.14855739]
PASS  Ixz>0: a pure nose-right yawing moment rolls RIGHT (pdot>0)    pdot=+7.918e-03
   analytic rdot/L = Ixz/(Ix Iz - Ixz^2) = 7.918076e-10, model = 7.918076e-10
PASS  rdot/L matches Ixz/(Ix Iz - Ixz^2) analytically                
   pure roll rate p=0.2: -omega x (I omega) = [     0.         -52608.77342746     -0.        ]  (analytic (0, -Ixz p^2, 0) = (0, -52608.8, 0))
PASS  rolling produces a nose-DOWN inertial pitching moment for Ixz>0 

==============================================================================
(iii) round trip against CR-2144 Table IX-8 PRIMED derivatives
==============================================================================
   V=235.9152 m/s, qbar=8474.81 Pa, implied rho=0.304542 kg/m^3
   input     d(pdot)/dx    L-primed    err%      d(rdot)/dx    N-primed    err%
   beta       -3.050000    -3.05000  +0.000        0.598000     0.59800  +0.000
PASS     L' round trip for beta                                      +0.000%
PASS     N' round trip for beta                                      +0.000%
   p          -0.465000    -0.46500  -0.000       -0.031600    -0.03160  -0.000
PASS     L' round trip for p                                         -0.000%
PASS     N' round trip for p                                         -0.000%
   da          0.143000     0.14300  -0.000        0.007750     0.00775  +0.000
PASS     L' round trip for da                                        -0.000%
PASS     N' round trip for da                                        +0.000%
   dr          0.153000     0.15300  -0.000       -0.475000    -0.47500  -0.000
PASS     L' round trip for dr                                        -0.000%
PASS     N' round trip for dr                                        -0.000%

   CONTROL: flip the sign of Ixz in the tensor and repeat -- the round
   trip must BREAK, otherwise the test above proves nothing.
   with -Ixz: d(rdot)/dp = -0.013495 vs N'_p = -0.0316  (+57.3%)
PASS  negated-Ixz control is REJECTED (test has teeth)               +57.3%

==============================================================================
(iv) _unprime is the exact inverse of the primed relation
==============================================================================
   beta   raw=(-3.081873,+0.657531)  ->  primed=(-3.050000,+0.598000)  table=(-3.050000,+0.598000)
PASS     _unprime inverts the primed relation for beta               
   p      raw=(-0.463316,-0.022524)  ->  primed=(-0.465000,-0.031600)  table=(-0.465000,-0.031600)
PASS     _unprime inverts the primed relation for p                  
   da     raw=(+0.142587,+0.004959)  ->  primed=(+0.143000,+0.007750)  table=(+0.143000,+0.007750)
PASS     _unprime inverts the primed relation for da                 
   dr     raw=(+0.178317,-0.477986)  ->  primed=(+0.153000,-0.475000)  table=(+0.153000,-0.475000)
PASS     _unprime inverts the primed relation for dr                 
PASS  _unprime is invariant to the inertia unit system               0.00e+00

FAILURES: none
