JSBSim 1.3.1, dt 0.008333 s, lead-in 15 core radii, gradient injected: False

=== cimarron / r0 = 450 ft (wingrove)  --  boeing737 at 33000 ft, V0 = 50 ft/s ===
   datum n_z: JSBSim 0.995924, atisim 0.995858 (the two definitions differ by 6.6e-05 g)
   -- CORE RESPONSE, peak to peak across the window (the encounter itself) --
                              n_z span  theta span  |alpha|max
   JSBSim                       1.1337      1.1191          --
   atisim, translational        1.1408      1.0940       4.119
   atisim, + alphadot           1.0108      1.6873       3.949
   atisim, + omega_gust         1.3630      1.0979       4.404
   atisim, + both               1.2315      0.8102       4.235
   like-for-like error            0.6%       -2.2%
   -- FROM TRIM, which the run-in contaminates --
   JSBSim                    +0.3074  -0.8263   -1.182   -2.301
   atisim, translational     +0.3000  -0.8408   -1.551   -2.645
   like-for-like error         -2.4%    -1.8%   -31.2%   -15.0%
   run-in pitch at window edge: JSBSim -1.622 deg, atisim -1.959 deg -- a 0.336 deg offset accumulated BEFORE the core
   what the gradient adds to the core response: +0.0907 g of load span (+7.9%) and -0.284 deg of pitch span -- the term JSBSim cannot carry
   Wingrove & Bach           +0.7300  -1.2000   +1.800   -0.500   (from trim, whole event)

=== hannibal / r0 = 600 ft (parks)  --  boeing747_jsbsim at 37000 ft, V0 = 85 ft/s ===
   datum n_z: JSBSim 0.994244, atisim 0.994458 (the two definitions differ by 2.1e-04 g)
   -- CORE RESPONSE, peak to peak across the window (the encounter itself) --
                              n_z span  theta span  |alpha|max
   JSBSim                       1.5423      1.7747          --
   atisim, translational        1.5667      1.8990       5.962
   atisim, + alphadot           1.5066      2.2130       5.866
   atisim, + omega_gust         1.8863      1.8189       6.479
   atisim, + both               1.8268      1.6417       6.382
   like-for-like error            1.6%        7.0%
   -- FROM TRIM, which the run-in contaminates --
   JSBSim                    +0.4097  -1.1325   -2.119   -3.894
   atisim, translational     +0.4082  -1.1586   -3.707   -5.607
   like-for-like error         -0.4%    -2.3%   -75.0%   -44.0%
   run-in pitch at window edge: JSBSim -2.716 deg, atisim -4.450 deg -- a 1.734 deg offset accumulated BEFORE the core
   what the gradient adds to the core response: +0.2601 g of load span (+16.6%) and -0.257 deg of pitch span -- the term JSBSim cannot carry

=== mehta / r0 = 500 ft (mehta)  --  boeing747_jsbsim at 37000 ft, V0 = 87 ft/s ===
   datum n_z: JSBSim 0.994244, atisim 0.994458 (the two definitions differ by 2.1e-04 g)
   -- CORE RESPONSE, peak to peak across the window (the encounter itself) --
                              n_z span  theta span  |alpha|max
   JSBSim                       2.0152     10.1066          --
   atisim, translational        1.8124     10.1854       7.648
   atisim, + alphadot           1.7800     10.3928       7.668
   atisim, + omega_gust         2.0517      9.3905       7.697
   atisim, + both               2.0011      9.4123       7.648
   like-for-like error          -10.1%        0.8%
   -- FROM TRIM, which the run-in contaminates --
   JSBSim                    +0.6830  -1.3322   +6.945   -3.161
   atisim, translational     +0.7203  -1.0920   +5.626   -4.559
   like-for-like error          5.5%    18.0%   -19.0%   -44.2%
   run-in pitch at window edge: JSBSim -1.048 deg, atisim -2.393 deg -- a 1.345 deg offset accumulated BEFORE the core
   what the gradient adds to the core response: +0.1887 g of load span (+10.4%) and -0.773 deg of pitch span -- the term JSBSim cannot carry

=== morton / r0 = 450 ft (parks)  --  boeing747_jsbsim at 39000 ft, V0 = 70 ft/s ===
   datum n_z: JSBSim 0.993190, atisim 0.993301 (the two definitions differ by 1.1e-04 g)
   -- CORE RESPONSE, peak to peak across the window (the encounter itself) --
                              n_z span  theta span  |alpha|max
   JSBSim                       1.3626      0.9211          --
   atisim, translational        1.4016      0.9703       6.610
   atisim, + alphadot           1.3696      0.9110       6.533
   atisim, + omega_gust         1.5693      1.5910       7.021
   atisim, + both               1.5377      1.4225       6.943
   like-for-like error            2.9%        5.3%
   -- FROM TRIM, which the run-in contaminates --
   JSBSim                    +0.3617  -1.0009   -1.931   -2.852
   atisim, translational     +0.3403  -1.0613   -3.413   -4.384
   like-for-like error         -5.9%    -6.0%   -76.7%   -53.7%
   run-in pitch at window edge: JSBSim -1.931 deg, atisim -3.413 deg -- a 1.482 deg offset accumulated BEFORE the core
   what the gradient adds to the core response: +0.1361 g of load span (+9.7%) and +0.452 deg of pitch span -- the term JSBSim cannot carry

=== the Hannibal radius ===
   Parks 1985  r0 = 600 ft, V0 = 85 ft/s, one coherent triple
   The two-radius spread this used to print is ASSUMPTIONS.md E12:
   1.8969 -> 1.8162 g peak-to-peak going 500 ft -> 600 ft, i.e.
   70.3% -> 67.3% of the DFDR's 2.70 g. A larger core at the same
   V0 is a GENTLER gradient, so the correction cost load.

wrote runs\cat\05-jsbsim-vortex-compare.png
EXIT=0
